[2026-06-07T13:08:49Z] [event] event_router source=runner-fail task=T-0003 pr=0 run=
[2026-06-07T13:08:49Z] [event] runner-fail for T-0003 attempts=1, backoff 60s
[2026-06-07T13:17:53Z] [event] runner exit=0
[2026-06-07T13:17:53Z] [event] event_router source=runner-fail task=T-0004 pr=0 run=
[2026-06-07T13:17:53Z] [event] runner-fail for T-0004 attempts=1, backoff 60s
[2026-06-07T13:24:31Z] [event] runner exit=0
[2026-06-07T13:29:09Z] [event] event_router source=runner-done task= pr=0 run=
[2026-06-07T13:29:09Z] [event] runner-done → immediate next dispatch
[2026-06-07T14:32:46Z] [event] event_router source=runner-fail task=T-0005 pr=0 run=
[2026-06-07T14:32:46Z] [event] runner-fail for T-0005 attempts=2, backoff 120s
[2026-06-07T14:43:19Z] [event] runner exit=-9
[2026-06-07T15:05:12Z] [event] event_router source=runner-done task= pr=0 run=
[2026-06-07T15:05:12Z] [event] runner-done → immediate next dispatch
[2026-06-07T15:05:12Z] [event] runner exit=0
[2026-06-07T15:13:25Z] [event] event_router source=runner-done task= pr=0 run=
[2026-06-07T15:13:25Z] [event] runner-done → immediate next dispatch
[2026-06-07T15:13:25Z] [event] runner exit=0
[2026-06-07T15:18:41Z] [event] event_router source=runner-done task= pr=0 run=
[2026-06-07T15:18:41Z] [event] runner-done → immediate next dispatch
[2026-06-07T15:18:41Z] [event] runner exit=0
[2026-06-07T15:22:50Z] [event] event_router source=runner-done task= pr=0 run=
[2026-06-07T15:22:50Z] [event] runner-done → immediate next dispatch
[2026-06-07T15:22:50Z] [event] runner exit=0
